[INFO] Scanning for projects...
[INFO] 
[INFO] ---------------------< com.bepgas:bepgas-backend >----------------------
[INFO] Building bepgas-backend 0.0.1-SNAPSHOT
[INFO]   from pom.xml
[INFO] --------------------------------[ jar ]---------------------------------
[INFO] 
[INFO] >>> spring-boot:3.5.14:run (default-cli) > test-compile @ bepgas-backend >>>
[INFO] 
[INFO] --- resources:3.3.1:resources (default-resources) @ bepgas-backend ---
[INFO] Copying 1 resource from src\main\resources to target\classes
[INFO] Copying 0 resource from src\main\resources to target\classes
[INFO] 
[INFO] --- compiler:3.14.1:compile (default-compile) @ bepgas-backend ---
[INFO] Nothing to compile - all classes are up to date.
[INFO] 
[INFO] --- resources:3.3.1:testResources (default-testResources) @ bepgas-backend ---
[INFO] skip non existing resourceDirectory d:\IT\BepGasBackend\src\test\resources
[INFO] 
[INFO] --- compiler:3.14.1:testCompile (default-testCompile) @ bepgas-backend ---
[INFO] Nothing to compile - all classes are up to date.
[INFO] 
[INFO] <<< spring-boot:3.5.14:run (default-cli) < test-compile @ bepgas-backend <<<
[INFO] 
[INFO] 
[INFO] --- spring-boot:3.5.14:run (default-cli) @ bepgas-backend ---
[INFO] Attaching agents: []
Standard Commons Logging discovery in action with spring-jcl: please remove commons-logging.jar from classpath in order to avoid potential conflicts

  .   ____          _            __ _ _
 /\\ / ___'_ __ _ _(_)_ __  __ _ \ \ \ \
( ( )\___ | '_ | '_| | '_ \/ _` | \ \ \ \
 \\/  ___)| |_)| | | | | || (_| |  ) ) ) )
  '  |____| .__|_| |_|_| |_\__, | / / / /
 =========|_|==============|___/=/_/_/_/

 :: Spring Boot ::               (v3.5.14)

2026-05-26T23:48:23.150+07:00  INFO 1564 --- [           main] com.bepgas.BepgasApplication             : Starting BepgasApplication using Java 25.0.1 with PID 1564 (D:\IT\BepGasBackend\target\classes started by tung in d:\IT\BepGasBackend)
2026-05-26T23:48:23.153+07:00  INFO 1564 --- [           main] com.bepgas.BepgasApplication             : No active profile set, falling back to 1 default profile: "default"
2026-05-26T23:48:23.805+07:00  INFO 1564 --- [           main] .s.d.r.c.RepositoryConfigurationDelegate : Bootstrapping Spring Data JPA repositories in DEFAULT mode.
2026-05-26T23:48:23.892+07:00  INFO 1564 --- [           main] .s.d.r.c.RepositoryConfigurationDelegate : Finished Spring Data repository scanning in 69 ms. Found 13 JPA repository interfaces.
2026-05-26T23:48:24.333+07:00  INFO 1564 --- [           main] o.s.b.w.embedded.tomcat.TomcatWebServer  : Tomcat initialized with port 8080 (http)
2026-05-26T23:48:24.343+07:00  INFO 1564 --- [           main] o.apache.catalina.core.StandardService   : Starting service [Tomcat]
2026-05-26T23:48:24.344+07:00  INFO 1564 --- [           main] o.apache.catalina.core.StandardEngine    : Starting Servlet engine: [Apache Tomcat/10.1.54]
2026-05-26T23:48:24.398+07:00  INFO 1564 --- [           main] o.a.c.c.C.[Tomcat].[localhost].[/]       : Initializing Spring embedded WebApplicationContext
2026-05-26T23:48:24.399+07:00  INFO 1564 --- [           main] w.s.c.ServletWebServerApplicationContext : Root WebApplicationContext: initialization completed in 1202 ms
Standard Commons Logging discovery in action with spring-jcl: please remove commons-logging.jar from classpath in order to avoid potential conflicts
2026-05-26T23:48:24.505+07:00  INFO 1564 --- [           main] o.hibernate.jpa.internal.util.LogHelper  : HHH000204: Processing PersistenceUnitInfo [name: default]
2026-05-26T23:48:24.539+07:00  INFO 1564 --- [           main] org.hibernate.Version                    : HHH000412: Hibernate ORM core version 6.6.49.Final
2026-05-26T23:48:24.560+07:00  INFO 1564 --- [           main] o.h.c.internal.RegionFactoryInitiator    : HHH000026: Second-level cache disabled
2026-05-26T23:48:24.780+07:00  INFO 1564 --- [           main] o.s.o.j.p.SpringPersistenceUnitInfo      : No LoadTimeWeaver setup: ignoring JPA class transformer
2026-05-26T23:48:24.812+07:00  INFO 1564 --- [           main] com.zaxxer.hikari.HikariDataSource       : HikariPool-1 - Starting...
2026-05-26T23:48:24.925+07:00  INFO 1564 --- [           main] com.zaxxer.hikari.pool.HikariPool        : HikariPool-1 - Added connection com.mysql.cj.jdbc.ConnectionImpl@7d90644f
2026-05-26T23:48:24.928+07:00  INFO 1564 --- [           main] com.zaxxer.hikari.HikariDataSource       : HikariPool-1 - Start completed.
2026-05-26T23:48:24.992+07:00  INFO 1564 --- [           main] org.hibernate.orm.connections.pooling    : HHH10001005: Database info:
	Database JDBC URL [Connecting through datasource 'HikariDataSource (HikariPool-1)']
	Database driver: undefined/unknown
	Database version: 8.0.46
	Autocommit mode: undefined/unknown
	Isolation level: undefined/unknown
	Minimum pool size: undefined/unknown
	Maximum pool size: undefined/unknown
2026-05-26T23:48:25.893+07:00  INFO 1564 --- [           main] o.h.e.t.j.p.i.JtaPlatformInitiator       : HHH000489: No JTA platform available (set 'hibernate.transaction.jta.platform' to enable JTA platform integration)
2026-05-26T23:48:25.944+07:00  INFO 1564 --- [           main] j.LocalContainerEntityManagerFactoryBean : Initialized JPA EntityManagerFactory for persistence unit 'default'
2026-05-26T23:48:26.319+07:00  INFO 1564 --- [           main] o.s.d.j.r.query.QueryEnhancerFactory     : Hibernate is in classpath; If applicable, HQL parser will be used.
2026-05-26T23:48:26.956+07:00  INFO 1564 --- [           main] eAuthenticationProviderManagerConfigurer : Global AuthenticationManager configured with AuthenticationProvider bean with name authenticationProvider
2026-05-26T23:48:26.957+07:00  WARN 1564 --- [           main] r$InitializeUserDetailsManagerConfigurer : Global AuthenticationManager configured with an AuthenticationProvider bean. UserDetailsService beans will not be used by Spring Security for automatically configuring username/password login. Consider removing the AuthenticationProvider bean. Alternatively, consider using the UserDetailsService in a manually instantiated DaoAuthenticationProvider. If the current configuration is intentional, to turn off this warning, increase the logging level of 'org.springframework.security.config.annotation.authentication.configuration.InitializeUserDetailsBeanManagerConfigurer' to ERROR
2026-05-26T23:48:27.650+07:00  INFO 1564 --- [           main] o.s.b.w.embedded.tomcat.TomcatWebServer  : Tomcat started on port 8080 (http) with context path '/'
2026-05-26T23:48:27.667+07:00  INFO 1564 --- [           main] com.bepgas.BepgasApplication             : Started BepgasApplication in 4.864 seconds (process running for 5.194)
2026-05-26T23:49:09.630+07:00  INFO 1564 --- [nio-8080-exec-1] o.a.c.c.C.[Tomcat].[localhost].[/]       : Initializing Spring DispatcherServlet 'dispatcherServlet'
2026-05-26T23:49:09.631+07:00  INFO 1564 --- [nio-8080-exec-1] o.s.web.servlet.DispatcherServlet        : Initializing Servlet 'dispatcherServlet'
2026-05-26T23:49:09.632+07:00  INFO 1564 --- [nio-8080-exec-1] o.s.web.servlet.DispatcherServlet        : Completed initialization in 1 ms
Hibernate: 
    select
        c1_0.category_id,
        c1_0.category_name,
        c1_0.image_url,
        c1_0.is_active,
        c1_0.parent_category_id,
        c1_0.slug,
        c1_0.sort_order 
    from
        categories c1_0 
    order by
        c1_0.sort_order
Hibernate: 
    select
        c1_0.category_id,
        c1_0.category_name,
        c1_0.image_url,
        c1_0.is_active,
        c1_0.parent_category_id,
        c1_0.slug,
        c1_0.sort_order 
    from
        categories c1_0 
    order by
        c1_0.sort_order
Hibernate: 
    select
        c1_0.category_id,
        c1_0.category_name,
        c1_0.image_url,
        c1_0.is_active,
        c1_0.parent_category_id,
        c1_0.slug,
        c1_0.sort_order 
    from
        categories c1_0 
    order by
        c1_0.sort_order
Hibernate: 
    select
        c1_0.category_id,
        c1_0.category_name,
        c1_0.image_url,
        c1_0.is_active,
        c1_0.parent_category_id,
        c1_0.slug,
        c1_0.sort_order 
    from
        categories c1_0 
    order by
        c1_0.sort_order
Hibernate: 
    select
        c1_0.category_id,
        c1_0.category_name,
        c1_0.image_url,
        c1_0.is_active,
        c1_0.parent_category_id,
        c1_0.slug,
        c1_0.sort_order 
    from
        categories c1_0 
    where
        c1_0.parent_category_id=? 
    order by
        c1_0.sort_order
Hibernate: 
    select
        u1_0.user_id,
        u1_0.created_at,
        u1_0.email,
        u1_0.is_active,
        u1_0.full_name,
        u1_0.password,
        u1_0.phone,
        u1_0.role,
        u1_0.updated_at 
    from
        users u1_0 
    where
        u1_0.email=?
Hibernate: 
    select
        u1_0.user_id,
        u1_0.created_at,
        u1_0.email,
        u1_0.is_active,
        u1_0.full_name,
        u1_0.password,
        u1_0.phone,
        u1_0.role,
        u1_0.updated_at 
    from
        users u1_0 
    where
        u1_0.email=?
Hibernate: 
    select
        u1_0.user_id,
        u1_0.created_at,
        u1_0.email,
        u1_0.is_active,
        u1_0.full_name,
        u1_0.password,
        u1_0.phone,
        u1_0.role,
        u1_0.updated_at 
    from
        users u1_0 
    where
        u1_0.email=?
Hibernate: 
    select
        u1_0.user_id,
        u1_0.created_at,
        u1_0.email,
        u1_0.is_active,
        u1_0.full_name,
        u1_0.password,
        u1_0.phone,
        u1_0.role,
        u1_0.updated_at 
    from
        users u1_0 
    where
        u1_0.email=?
Hibernate: 
    select
        u1_0.user_id,
        u1_0.created_at,
        u1_0.email,
        u1_0.is_active,
        u1_0.full_name,
        u1_0.password,
        u1_0.phone,
        u1_0.role,
        u1_0.updated_at 
    from
        users u1_0 
    where
        u1_0.email=?
Hibernate: 
    select
        u1_0.user_id,
        u1_0.created_at,
        u1_0.email,
        u1_0.is_active,
        u1_0.full_name,
        u1_0.password,
        u1_0.phone,
        u1_0.role,
        u1_0.updated_at 
    from
        users u1_0 
    where
        u1_0.email=?
Hibernate: 
    select
        c1_0.category_id,
        c1_0.category_name,
        c1_0.image_url,
        c1_0.is_active,
        c1_0.parent_category_id,
        c1_0.slug,
        c1_0.sort_order 
    from
        categories c1_0 
    order by
        c1_0.sort_order
Hibernate: 
    select
        b1_0.banner_id,
        b1_0.banner_title,
        b1_0.end_date,
        b1_0.image_url,
        b1_0.is_active,
        b1_0.link_url,
        b1_0.position,
        b1_0.sort_order,
        b1_0.start_date 
    from
        banners b1_0 
    where
        b1_0.is_active 
    order by
        b1_0.sort_order
Hibernate: 
    select
        u1_0.user_id,
        u1_0.created_at,
        u1_0.email,
        u1_0.is_active,
        u1_0.full_name,
        u1_0.password,
        u1_0.phone,
        u1_0.role,
        u1_0.updated_at 
    from
        users u1_0 
    where
        u1_0.email=?
Hibernate: 
    select
        u1_0.user_id,
        u1_0.created_at,
        u1_0.email,
        u1_0.is_active,
        u1_0.full_name,
        u1_0.password,
        u1_0.phone,
        u1_0.role,
        u1_0.updated_at 
    from
        users u1_0 
    where
        u1_0.email=?
Hibernate: 
    select
        u1_0.user_id,
        u1_0.created_at,
        u1_0.email,
        u1_0.is_active,
        u1_0.full_name,
        u1_0.password,
        u1_0.phone,
        u1_0.role,
        u1_0.updated_at 
    from
        users u1_0 
    where
        u1_0.email=?
Hibernate: 
    select
        w1_0.wishlist_id,
        w1_0.added_at,
        w1_0.product_id,
        w1_0.user_id 
    from
        wishlists w1_0 
    left join
        users u1_0 
            on u1_0.user_id=w1_0.user_id 
    where
        u1_0.user_id=?
Hibernate: 
    select
        p1_0.product_id,
        p1_0.brand_id,
        p1_0.category_id,
        p1_0.created_at,
        p1_0.description,
        p1_0.is_featured,
        p1_0.price,
        p1_0.product_name,
        p1_0.requires_installation,
        p1_0.sale_price,
        p1_0.short_desc,
        p1_0.sku,
        p1_0.slug,
        p1_0.sold_qty,
        p1_0.specifications,
        p1_0.status,
        p1_0.stock_qty,
        p1_0.updated_at,
        p1_0.warranty_months,
        p1_0.weight 
    from
        products p1_0 
    where
        p1_0.status=? 
    limit
        ?
Hibernate: 
    select
        b1_0.brand_id,
        b1_0.brand_name,
        b1_0.description,
        b1_0.is_active,
        b1_0.logo_url,
        b1_0.slug 
    from
        brands b1_0 
    limit
        ?, ?
Hibernate: 
    select
        p1_0.product_id,
        p1_0.brand_id,
        p1_0.category_id,
        p1_0.created_at,
        p1_0.description,
        p1_0.is_featured,
        p1_0.price,
        p1_0.product_name,
        p1_0.requires_installation,
        p1_0.sale_price,
        p1_0.short_desc,
        p1_0.sku,
        p1_0.slug,
        p1_0.sold_qty,
        p1_0.specifications,
        p1_0.status,
        p1_0.stock_qty,
        p1_0.updated_at,
        p1_0.warranty_months,
        p1_0.weight 
    from
        products p1_0 
    where
        p1_0.status=? 
    limit
        ?
Hibernate: 
    select
        ci1_0.cart_item_id,
        ci1_0.added_at,
        p1_0.product_id,
        b1_0.brand_id,
        b1_0.brand_name,
        b1_0.description,
        b1_0.is_active,
        b1_0.logo_url,
        b1_0.slug,
        c1_0.category_id,
        c1_0.category_name,
        c1_0.image_url,
        c1_0.is_active,
        c1_0.parent_category_id,
        c1_0.slug,
        c1_0.sort_order,
        p1_0.created_at,
        p1_0.description,
        p1_0.is_featured,
        p1_0.price,
        p1_0.product_name,
        p1_0.requires_installation,
        p1_0.sale_price,
        p1_0.short_desc,
        p1_0.sku,
        p1_0.slug,
        p1_0.sold_qty,
        p1_0.specifications,
        p1_0.status,
        p1_0.stock_qty,
        p1_0.updated_at,
        p1_0.warranty_months,
        p1_0.weight,
        ci1_0.quantity,
        ci1_0.user_id 
    from
        cart_items ci1_0 
    join
        products p1_0 
            on p1_0.product_id=ci1_0.product_id 
    left join
        categories c1_0 
            on c1_0.category_id=p1_0.category_id 
    left join
        brands b1_0 
            on b1_0.brand_id=p1_0.brand_id 
    where
        ci1_0.user_id=?
Hibernate: 
    select
        p1_0.product_id,
        p1_0.brand_id,
        p1_0.category_id,
        p1_0.created_at,
        p1_0.description,
        p1_0.is_featured,
        p1_0.price,
        p1_0.product_name,
        p1_0.requires_installation,
        p1_0.sale_price,
        p1_0.short_desc,
        p1_0.sku,
        p1_0.slug,
        p1_0.sold_qty,
        p1_0.specifications,
        p1_0.status,
        p1_0.stock_qty,
        p1_0.updated_at,
        p1_0.warranty_months,
        p1_0.weight 
    from
        products p1_0 
    where
        p1_0.product_id=?
Hibernate: 
    select
        p1_0.product_id,
        p1_0.brand_id,
        p1_0.category_id,
        p1_0.created_at,
        p1_0.description,
        p1_0.is_featured,
        p1_0.price,
        p1_0.product_name,
        p1_0.requires_installation,
        p1_0.sale_price,
        p1_0.short_desc,
        p1_0.sku,
        p1_0.slug,
        p1_0.sold_qty,
        p1_0.specifications,
        p1_0.status,
        p1_0.stock_qty,
        p1_0.updated_at,
        p1_0.warranty_months,
        p1_0.weight 
    from
        products p1_0 
    where
        p1_0.product_id=?
Hibernate: 
    select
        p1_0.product_id,
        p1_0.brand_id,
        p1_0.category_id,
        p1_0.created_at,
        p1_0.description,
        p1_0.is_featured,
        p1_0.price,
        p1_0.product_name,
        p1_0.requires_installation,
        p1_0.sale_price,
        p1_0.short_desc,
        p1_0.sku,
        p1_0.slug,
        p1_0.sold_qty,
        p1_0.specifications,
        p1_0.status,
        p1_0.stock_qty,
        p1_0.updated_at,
        p1_0.warranty_months,
        p1_0.weight 
    from
        products p1_0 
    where
        p1_0.product_id=?
Hibernate: 
    select
        pi1_0.image_id,
        pi1_0.image_url,
        pi1_0.is_primary,
        pi1_0.product_id,
        pi1_0.sort_order 
    from
        product_images pi1_0 
    left join
        products p1_0 
            on p1_0.product_id=pi1_0.product_id 
    where
        p1_0.product_id=? 
    order by
        pi1_0.sort_order
Hibernate: 
    select
        pi1_0.image_id,
        pi1_0.image_url,
        pi1_0.is_primary,
        pi1_0.product_id,
        pi1_0.sort_order 
    from
        product_images pi1_0 
    left join
        products p1_0 
            on p1_0.product_id=pi1_0.product_id 
    where
        p1_0.product_id=? 
    order by
        pi1_0.sort_order
2026-05-26T23:58:24.119+07:00  WARN 1564 --- [nio-8080-exec-8] ration$PageModule$WarningLoggingModifier : Serializing PageImpl instances as-is is not supported, meaning that there is no guarantee about the stability of the resulting JSON structure!
	For a stable JSON structure, please use Spring Data's PagedModel (globally via @EnableSpringDataWebSupport(pageSerializationMode = VIA_DTO))
	or Spring HATEOAS and Spring Data's PagedResourcesAssembler as documented in https://docs.spring.io/spring-data/commons/reference/repositories/core-extensions.html#core.web.pageables.

Hibernate: 
    select
        p1_0.product_id,
        p1_0.brand_id,
        p1_0.category_id,
        p1_0.created_at,
        p1_0.description,
        p1_0.is_featured,
        p1_0.price,
        p1_0.product_name,
        p1_0.requires_installation,
        p1_0.sale_price,
        p1_0.short_desc,
        p1_0.sku,
        p1_0.slug,
        p1_0.sold_qty,
        p1_0.specifications,
        p1_0.status,
        p1_0.stock_qty,
        p1_0.updated_at,
        p1_0.warranty_months,
        p1_0.weight 
    from
        products p1_0 
    where
        p1_0.product_id=?
Hibernate: 
    select
        pi1_0.image_id,
        pi1_0.image_url,
        pi1_0.is_primary,
        pi1_0.product_id,
        pi1_0.sort_order 
    from
        product_images pi1_0 
    left join
        products p1_0 
            on p1_0.product_id=pi1_0.product_id 
    where
        p1_0.product_id=? 
    order by
        pi1_0.sort_order
Hibernate: 
    select
        pi1_0.image_id,
        pi1_0.image_url,
        pi1_0.is_primary,
        pi1_0.product_id,
        pi1_0.sort_order 
    from
        product_images pi1_0 
    left join
        products p1_0 
            on p1_0.product_id=pi1_0.product_id 
    where
        p1_0.product_id=? 
    order by
        pi1_0.sort_order
Hibernate: 
    select
        i1_0.product_id,
        i1_0.image_id,
        i1_0.image_url,
        i1_0.is_primary,
        i1_0.sort_order 
    from
        product_images i1_0 
    where
        i1_0.product_id=?
Hibernate: 
    select
        pi1_0.image_id,
        pi1_0.image_url,
        pi1_0.is_primary,
        pi1_0.product_id,
        pi1_0.sort_order 
    from
        product_images pi1_0 
    left join
        products p1_0 
            on p1_0.product_id=pi1_0.product_id 
    where
        p1_0.product_id=? 
    order by
        pi1_0.sort_order
Hibernate: 
    select
        pi1_0.image_id,
        pi1_0.image_url,
        pi1_0.is_primary,
        pi1_0.product_id,
        pi1_0.sort_order 
    from
        product_images pi1_0 
    left join
        products p1_0 
            on p1_0.product_id=pi1_0.product_id 
    where
        p1_0.product_id=? 
    order by
        pi1_0.sort_order
Hibernate: 
    select
        c1_0.category_id,
        c1_0.category_name,
        c1_0.image_url,
        c1_0.is_active,
        c1_0.parent_category_id,
        c1_0.slug,
        c1_0.sort_order 
    from
        categories c1_0 
    where
        c1_0.category_id=?
Hibernate: 
    select
        c1_0.category_id,
        c1_0.category_name,
        c1_0.image_url,
        c1_0.is_active,
        c1_0.parent_category_id,
        c1_0.slug,
        c1_0.sort_order 
    from
        categories c1_0 
    where
        c1_0.category_id=?
Hibernate: 
    select
        b1_0.brand_id,
        b1_0.brand_name,
        b1_0.description,
        b1_0.is_active,
        b1_0.logo_url,
        b1_0.slug 
    from
        brands b1_0 
    where
        b1_0.brand_id=?
Hibernate: 
    select
        b1_0.brand_id,
        b1_0.brand_name,
        b1_0.description,
        b1_0.is_active,
        b1_0.logo_url,
        b1_0.slug 
    from
        brands b1_0 
    where
        b1_0.brand_id=?
Hibernate: 
    select
        u1_0.user_id,
        u1_0.created_at,
        u1_0.email,
        u1_0.is_active,
        u1_0.full_name,
        u1_0.password,
        u1_0.phone,
        u1_0.role,
        u1_0.updated_at 
    from
        users u1_0 
    where
        u1_0.email=?
Hibernate: 
    select
        i1_0.product_id,
        i1_0.image_id,
        i1_0.image_url,
        i1_0.is_primary,
        i1_0.sort_order 
    from
        product_images i1_0 
    where
        i1_0.product_id=?
Hibernate: 
    select
        i1_0.product_id,
        i1_0.image_id,
        i1_0.image_url,
        i1_0.is_primary,
        i1_0.sort_order 
    from
        product_images i1_0 
    where
        i1_0.product_id=?
Hibernate: 
    select
        pi1_0.image_id,
        pi1_0.image_url,
        pi1_0.is_primary,
        pi1_0.product_id,
        pi1_0.sort_order 
    from
        product_images pi1_0 
    left join
        products p1_0 
            on p1_0.product_id=pi1_0.product_id 
    where
        p1_0.product_id=? 
    order by
        pi1_0.sort_order
Hibernate: 
    select
        pi1_0.image_id,
        pi1_0.image_url,
        pi1_0.is_primary,
        pi1_0.product_id,
        pi1_0.sort_order 
    from
        product_images pi1_0 
    left join
        products p1_0 
            on p1_0.product_id=pi1_0.product_id 
    where
        p1_0.product_id=? 
    order by
        pi1_0.sort_order
Hibernate: 
    select
        i1_0.product_id,
        i1_0.image_id,
        i1_0.image_url,
        i1_0.is_primary,
        i1_0.sort_order 
    from
        product_images i1_0 
    where
        i1_0.product_id=?
Hibernate: 
    select
        pi1_0.image_id,
        pi1_0.image_url,
        pi1_0.is_primary,
        pi1_0.product_id,
        pi1_0.sort_order 
    from
        product_images pi1_0 
    left join
        products p1_0 
            on p1_0.product_id=pi1_0.product_id 
    where
        p1_0.product_id=? 
    order by
        pi1_0.sort_order
Hibernate: 
    select
        pi1_0.image_id,
        pi1_0.image_url,
        pi1_0.is_primary,
        pi1_0.product_id,
        pi1_0.sort_order 
    from
        product_images pi1_0 
    left join
        products p1_0 
            on p1_0.product_id=pi1_0.product_id 
    where
        p1_0.product_id=? 
    order by
        pi1_0.sort_order
Hibernate: 
    select
        u1_0.user_id,
        u1_0.created_at,
        u1_0.email,
        u1_0.is_active,
        u1_0.full_name,
        u1_0.password,
        u1_0.phone,
        u1_0.role,
        u1_0.updated_at 
    from
        users u1_0 
    where
        u1_0.email=?
Hibernate: 
    select
        b1_0.brand_id,
        b1_0.brand_name,
        b1_0.description,
        b1_0.is_active,
        b1_0.logo_url,
        b1_0.slug 
    from
        brands b1_0 
    limit
        ?, ?
Hibernate: 
    select
        pi1_0.image_id,
        pi1_0.image_url,
        pi1_0.is_primary,
        pi1_0.product_id,
        pi1_0.sort_order 
    from
        product_images pi1_0 
    left join
        products p1_0 
            on p1_0.product_id=pi1_0.product_id 
    where
        p1_0.product_id=? 
    order by
        pi1_0.sort_order
Hibernate: 
    select
        pi1_0.image_id,
        pi1_0.image_url,
        pi1_0.is_primary,
        pi1_0.product_id,
        pi1_0.sort_order 
    from
        product_images pi1_0 
    left join
        products p1_0 
            on p1_0.product_id=pi1_0.product_id 
    where
        p1_0.product_id=? 
    order by
        pi1_0.sort_order
Hibernate: 
    select
        b1_0.banner_id,
        b1_0.banner_title,
        b1_0.end_date,
        b1_0.image_url,
        b1_0.is_active,
        b1_0.link_url,
        b1_0.position,
        b1_0.sort_order,
        b1_0.start_date 
    from
        banners b1_0 
    where
        b1_0.is_active 
    order by
        b1_0.sort_order
Hibernate: 
    select
        b1_0.brand_id,
        b1_0.brand_name,
        b1_0.description,
        b1_0.is_active,
        b1_0.logo_url,
        b1_0.slug 
    from
        brands b1_0 
    where
        b1_0.brand_id=?
Hibernate: 
    select
        b1_0.brand_id,
        b1_0.brand_name,
        b1_0.description,
        b1_0.is_active,
        b1_0.logo_url,
        b1_0.slug 
    from
        brands b1_0 
    where
        b1_0.brand_id=?
Hibernate: 
    select
        pi1_0.image_id,
        pi1_0.image_url,
        pi1_0.is_primary,
        pi1_0.product_id,
        pi1_0.sort_order 
    from
        product_images pi1_0 
    left join
        products p1_0 
            on p1_0.product_id=pi1_0.product_id 
    where
        p1_0.product_id=? 
    order by
        pi1_0.sort_order
Hibernate: 
    select
        pi1_0.image_id,
        pi1_0.image_url,
        pi1_0.is_primary,
        pi1_0.product_id,
        pi1_0.sort_order 
    from
        product_images pi1_0 
    left join
        products p1_0 
            on p1_0.product_id=pi1_0.product_id 
    where
        p1_0.product_id=? 
    order by
        pi1_0.sort_order
Hibernate: 
    select
        u1_0.user_id,
        u1_0.created_at,
        u1_0.email,
        u1_0.is_active,
        u1_0.full_name,
        u1_0.password,
        u1_0.phone,
        u1_0.role,
        u1_0.updated_at 
    from
        users u1_0 
    where
        u1_0.email=?
Hibernate: 
    select
        c1_0.category_id,
        c1_0.category_name,
        c1_0.image_url,
        c1_0.is_active,
        c1_0.parent_category_id,
        c1_0.slug,
        c1_0.sort_order 
    from
        categories c1_0 
    order by
        c1_0.sort_order
Hibernate: 
    select
        pi1_0.image_id,
        pi1_0.image_url,
        pi1_0.is_primary,
        pi1_0.product_id,
        pi1_0.sort_order 
    from
        product_images pi1_0 
    left join
        products p1_0 
            on p1_0.product_id=pi1_0.product_id 
    where
        p1_0.product_id=? 
    order by
        pi1_0.sort_order
Hibernate: 
    select
        pi1_0.image_id,
        pi1_0.image_url,
        pi1_0.is_primary,
        pi1_0.product_id,
        pi1_0.sort_order 
    from
        product_images pi1_0 
    left join
        products p1_0 
            on p1_0.product_id=pi1_0.product_id 
    where
        p1_0.product_id=? 
    order by
        pi1_0.sort_order
Hibernate: 
    select
        pi1_0.image_id,
        pi1_0.image_url,
        pi1_0.is_primary,
        pi1_0.product_id,
        pi1_0.sort_order 
    from
        product_images pi1_0 
    left join
        products p1_0 
            on p1_0.product_id=pi1_0.product_id 
    where
        p1_0.product_id=? 
    order by
        pi1_0.sort_order
Hibernate: 
    select
        pi1_0.image_id,
        pi1_0.image_url,
        pi1_0.is_primary,
        pi1_0.product_id,
        pi1_0.sort_order 
    from
        product_images pi1_0 
    left join
        products p1_0 
            on p1_0.product_id=pi1_0.product_id 
    where
        p1_0.product_id=? 
    order by
        pi1_0.sort_order
Hibernate: 
    select
        u1_0.user_id,
        u1_0.created_at,
        u1_0.email,
        u1_0.is_active,
        u1_0.full_name,
        u1_0.password,
        u1_0.phone,
        u1_0.role,
        u1_0.updated_at 
    from
        users u1_0 
    where
        u1_0.email=?
Hibernate: 
    select
        pi1_0.image_id,
        pi1_0.image_url,
        pi1_0.is_primary,
        pi1_0.product_id,
        pi1_0.sort_order 
    from
        product_images pi1_0 
    left join
        products p1_0 
            on p1_0.product_id=pi1_0.product_id 
    where
        p1_0.product_id=? 
    order by
        pi1_0.sort_order
Hibernate: 
    select
        pi1_0.image_id,
        pi1_0.image_url,
        pi1_0.is_primary,
        pi1_0.product_id,
        pi1_0.sort_order 
    from
        product_images pi1_0 
    left join
        products p1_0 
            on p1_0.product_id=pi1_0.product_id 
    where
        p1_0.product_id=? 
    order by
        pi1_0.sort_order
Hibernate: 
    select
        pi1_0.image_id,
        pi1_0.image_url,
        pi1_0.is_primary,
        pi1_0.product_id,
        pi1_0.sort_order 
    from
        product_images pi1_0 
    left join
        products p1_0 
            on p1_0.product_id=pi1_0.product_id 
    where
        p1_0.product_id=? 
    order by
        pi1_0.sort_order
Hibernate: 
    select
        pi1_0.image_id,
        pi1_0.image_url,
        pi1_0.is_primary,
        pi1_0.product_id,
        pi1_0.sort_order 
    from
        product_images pi1_0 
    left join
        products p1_0 
            on p1_0.product_id=pi1_0.product_id 
    where
        p1_0.product_id=? 
    order by
        pi1_0.sort_order
Hibernate: 
    select
        u1_0.user_id,
        u1_0.created_at,
        u1_0.email,
        u1_0.is_active,
        u1_0.full_name,
        u1_0.password,
        u1_0.phone,
        u1_0.role,
        u1_0.updated_at 
    from
        users u1_0 
    where
        u1_0.email=?
Hibernate: 
    select
        u1_0.user_id,
        u1_0.created_at,
        u1_0.email,
        u1_0.is_active,
        u1_0.full_name,
        u1_0.password,
        u1_0.phone,
        u1_0.role,
        u1_0.updated_at 
    from
        users u1_0 
    where
        u1_0.email=?
Hibernate: 
    select
        pi1_0.image_id,
        pi1_0.image_url,
        pi1_0.is_primary,
        pi1_0.product_id,
        pi1_0.sort_order 
    from
        product_images pi1_0 
    left join
        products p1_0 
            on p1_0.product_id=pi1_0.product_id 
    where
        p1_0.product_id=? 
    order by
        pi1_0.sort_order
Hibernate: 
    select
        pi1_0.image_id,
        pi1_0.image_url,
        pi1_0.is_primary,
        pi1_0.product_id,
        pi1_0.sort_order 
    from
        product_images pi1_0 
    left join
        products p1_0 
            on p1_0.product_id=pi1_0.product_id 
    where
        p1_0.product_id=? 
    order by
        pi1_0.sort_order
Hibernate: 
    select
        ci1_0.cart_item_id,
        ci1_0.added_at,
        p1_0.product_id,
        b1_0.brand_id,
        b1_0.brand_name,
        b1_0.description,
        b1_0.is_active,
        b1_0.logo_url,
        b1_0.slug,
        c1_0.category_id,
        c1_0.category_name,
        c1_0.image_url,
        c1_0.is_active,
        c1_0.parent_category_id,
        c1_0.slug,
        c1_0.sort_order,
        p1_0.created_at,
        p1_0.description,
        p1_0.is_featured,
        p1_0.price,
        p1_0.product_name,
        p1_0.requires_installation,
        p1_0.sale_price,
        p1_0.short_desc,
        p1_0.sku,
        p1_0.slug,
        p1_0.sold_qty,
        p1_0.specifications,
        p1_0.status,
        p1_0.stock_qty,
        p1_0.updated_at,
        p1_0.warranty_months,
        p1_0.weight,
        ci1_0.quantity,
        ci1_0.user_id 
    from
        cart_items ci1_0 
    join
        products p1_0 
            on p1_0.product_id=ci1_0.product_id 
    left join
        categories c1_0 
            on c1_0.category_id=p1_0.category_id 
    left join
        brands b1_0 
            on b1_0.brand_id=p1_0.brand_id 
    where
        ci1_0.user_id=?
Hibernate: 
    select
        b1_0.brand_id,
        b1_0.brand_name,
        b1_0.description,
        b1_0.is_active,
        b1_0.logo_url,
        b1_0.slug 
    from
        brands b1_0 
    limit
        ?, ?
Hibernate: 
    select
        u1_0.user_id,
        u1_0.created_at,
        u1_0.email,
        u1_0.is_active,
        u1_0.full_name,
        u1_0.password,
        u1_0.phone,
        u1_0.role,
        u1_0.updated_at 
    from
        users u1_0 
    where
        u1_0.email=?
Hibernate: 
    select
        u1_0.user_id,
        u1_0.created_at,
        u1_0.email,
        u1_0.is_active,
        u1_0.full_name,
        u1_0.password,
        u1_0.phone,
        u1_0.role,
        u1_0.updated_at 
    from
        users u1_0 
    where
        u1_0.email=?
Hibernate: 
    select
        w1_0.wishlist_id,
        w1_0.added_at,
        w1_0.product_id,
        w1_0.user_id 
    from
        wishlists w1_0 
    left join
        users u1_0 
            on u1_0.user_id=w1_0.user_id 
    where
        u1_0.user_id=?
Hibernate: 
    select
        p1_0.product_id,
        p1_0.brand_id,
        p1_0.category_id,
        p1_0.created_at,
        p1_0.description,
        p1_0.is_featured,
        p1_0.price,
        p1_0.product_name,
        p1_0.requires_installation,
        p1_0.sale_price,
        p1_0.short_desc,
        p1_0.sku,
        p1_0.slug,
        p1_0.sold_qty,
        p1_0.specifications,
        p1_0.status,
        p1_0.stock_qty,
        p1_0.updated_at,
        p1_0.warranty_months,
        p1_0.weight 
    from
        products p1_0 
    where
        p1_0.product_id=?
Hibernate: 
    select
        p1_0.product_id,
        p1_0.brand_id,
        p1_0.category_id,
        p1_0.created_at,
        p1_0.description,
        p1_0.is_featured,
        p1_0.price,
        p1_0.product_name,
        p1_0.requires_installation,
        p1_0.sale_price,
        p1_0.short_desc,
        p1_0.sku,
        p1_0.slug,
        p1_0.sold_qty,
        p1_0.specifications,
        p1_0.status,
        p1_0.stock_qty,
        p1_0.updated_at,
        p1_0.warranty_months,
        p1_0.weight 
    from
        products p1_0 
    where
        p1_0.product_id=?
Hibernate: 
    select
        p1_0.product_id,
        p1_0.brand_id,
        p1_0.category_id,
        p1_0.created_at,
        p1_0.description,
        p1_0.is_featured,
        p1_0.price,
        p1_0.product_name,
        p1_0.requires_installation,
        p1_0.sale_price,
        p1_0.short_desc,
        p1_0.sku,
        p1_0.slug,
        p1_0.sold_qty,
        p1_0.specifications,
        p1_0.status,
        p1_0.stock_qty,
        p1_0.updated_at,
        p1_0.warranty_months,
        p1_0.weight 
    from
        products p1_0 
    where
        p1_0.product_id=?
Hibernate: 
    select
        p1_0.product_id,
        p1_0.brand_id,
        p1_0.category_id,
        p1_0.created_at,
        p1_0.description,
        p1_0.is_featured,
        p1_0.price,
        p1_0.product_name,
        p1_0.requires_installation,
        p1_0.sale_price,
        p1_0.short_desc,
        p1_0.sku,
        p1_0.slug,
        p1_0.sold_qty,
        p1_0.specifications,
        p1_0.status,
        p1_0.stock_qty,
        p1_0.updated_at,
        p1_0.warranty_months,
        p1_0.weight 
    from
        products p1_0 
    where
        p1_0.product_id=?
Hibernate: 
    select
        i1_0.product_id,
        i1_0.image_id,
        i1_0.image_url,
        i1_0.is_primary,
        i1_0.sort_order 
    from
        product_images i1_0 
    where
        i1_0.product_id=?
Hibernate: 
    select
        i1_0.product_id,
        i1_0.image_id,
        i1_0.image_url,
        i1_0.is_primary,
        i1_0.sort_order 
    from
        product_images i1_0 
    where
        i1_0.product_id=?
Hibernate: 
    select
        i1_0.product_id,
        i1_0.image_id,
        i1_0.image_url,
        i1_0.is_primary,
        i1_0.sort_order 
    from
        product_images i1_0 
    where
        i1_0.product_id=?
Hibernate: 
    select
        i1_0.product_id,
        i1_0.image_id,
        i1_0.image_url,
        i1_0.is_primary,
        i1_0.sort_order 
    from
        product_images i1_0 
    where
        i1_0.product_id=?
Hibernate: 
    select
        u1_0.user_id,
        u1_0.created_at,
        u1_0.email,
        u1_0.is_active,
        u1_0.full_name,
        u1_0.password,
        u1_0.phone,
        u1_0.role,
        u1_0.updated_at 
    from
        users u1_0 
    where
        u1_0.email=?
Hibernate: 
    select
        u1_0.user_id,
        u1_0.created_at,
        u1_0.email,
        u1_0.is_active,
        u1_0.full_name,
        u1_0.password,
        u1_0.phone,
        u1_0.role,
        u1_0.updated_at 
    from
        users u1_0 
    where
        u1_0.email=?
Hibernate: 
    select
        u1_0.user_id,
        u1_0.created_at,
        u1_0.email,
        u1_0.is_active,
        u1_0.full_name,
        u1_0.password,
        u1_0.phone,
        u1_0.role,
        u1_0.updated_at 
    from
        users u1_0 
    where
        u1_0.email=?
Hibernate: 
    select
        u1_0.user_id,
        u1_0.created_at,
        u1_0.email,
        u1_0.is_active,
        u1_0.full_name,
        u1_0.password,
        u1_0.phone,
        u1_0.role,
        u1_0.updated_at 
    from
        users u1_0 
    where
        u1_0.email=?
Hibernate: 
    select
        u1_0.user_id,
        u1_0.created_at,
        u1_0.email,
        u1_0.is_active,
        u1_0.full_name,
        u1_0.password,
        u1_0.phone,
        u1_0.role,
        u1_0.updated_at 
    from
        users u1_0 
    where
        u1_0.email=?
Hibernate: 
    select
        u1_0.user_id,
        u1_0.created_at,
        u1_0.email,
        u1_0.is_active,
        u1_0.full_name,
        u1_0.password,
        u1_0.phone,
        u1_0.role,
        u1_0.updated_at 
    from
        users u1_0 
    where
        u1_0.email=?
Hibernate: 
    select
        p1_0.product_id,
        p1_0.brand_id,
        p1_0.category_id,
        p1_0.created_at,
        p1_0.description,
        p1_0.is_featured,
        p1_0.price,
        p1_0.product_name,
        p1_0.requires_installation,
        p1_0.sale_price,
        p1_0.short_desc,
        p1_0.sku,
        p1_0.slug,
        p1_0.sold_qty,
        p1_0.specifications,
        p1_0.status,
        p1_0.stock_qty,
        p1_0.updated_at,
        p1_0.warranty_months,
        p1_0.weight 
    from
        products p1_0 
    where
        p1_0.status=? 
    limit
        ?
Hibernate: 
    select
        b1_0.brand_id,
        b1_0.brand_name,
        b1_0.description,
        b1_0.is_active,
        b1_0.logo_url,
        b1_0.slug 
    from
        brands b1_0 
    limit
        ?, ?
Hibernate: 
    select
        ci1_0.cart_item_id,
        ci1_0.added_at,
        p1_0.product_id,
        b1_0.brand_id,
        b1_0.brand_name,
        b1_0.description,
        b1_0.is_active,
        b1_0.logo_url,
        b1_0.slug,
        c1_0.category_id,
        c1_0.category_name,
        c1_0.image_url,
        c1_0.is_active,
        c1_0.parent_category_id,
        c1_0.slug,
        c1_0.sort_order,
        p1_0.created_at,
        p1_0.description,
        p1_0.is_featured,
        p1_0.price,
        p1_0.product_name,
        p1_0.requires_installation,
        p1_0.sale_price,
        p1_0.short_desc,
        p1_0.sku,
        p1_0.slug,
        p1_0.sold_qty,
        p1_0.specifications,
        p1_0.status,
        p1_0.stock_qty,
        p1_0.updated_at,
        p1_0.warranty_months,
        p1_0.weight,
        ci1_0.quantity,
        ci1_0.user_id 
    from
        cart_items ci1_0 
    join
        products p1_0 
            on p1_0.product_id=ci1_0.product_id 
    left join
        categories c1_0 
            on c1_0.category_id=p1_0.category_id 
    left join
        brands b1_0 
            on b1_0.brand_id=p1_0.brand_id 
    where
        ci1_0.user_id=?
Hibernate: 
    select
        w1_0.wishlist_id,
        w1_0.added_at,
        w1_0.product_id,
        w1_0.user_id 
    from
        wishlists w1_0 
    left join
        users u1_0 
            on u1_0.user_id=w1_0.user_id 
    where
        u1_0.user_id=?
Hibernate: 
    select
        u1_0.user_id,
        u1_0.created_at,
        u1_0.email,
        u1_0.is_active,
        u1_0.full_name,
        u1_0.password,
        u1_0.phone,
        u1_0.role,
        u1_0.updated_at 
    from
        users u1_0 
    where
        u1_0.email=?
Hibernate: 
    select
        p1_0.product_id,
        p1_0.brand_id,
        p1_0.category_id,
        p1_0.created_at,
        p1_0.description,
        p1_0.is_featured,
        p1_0.price,
        p1_0.product_name,
        p1_0.requires_installation,
        p1_0.sale_price,
        p1_0.short_desc,
        p1_0.sku,
        p1_0.slug,
        p1_0.sold_qty,
        p1_0.specifications,
        p1_0.status,
        p1_0.stock_qty,
        p1_0.updated_at,
        p1_0.warranty_months,
        p1_0.weight 
    from
        products p1_0 
    where
        p1_0.product_id=?
Hibernate: 
    select
        p1_0.product_id,
        p1_0.brand_id,
        p1_0.category_id,
        p1_0.created_at,
        p1_0.description,
        p1_0.is_featured,
        p1_0.price,
        p1_0.product_name,
        p1_0.requires_installation,
        p1_0.sale_price,
        p1_0.short_desc,
        p1_0.sku,
        p1_0.slug,
        p1_0.sold_qty,
        p1_0.specifications,
        p1_0.status,
        p1_0.stock_qty,
        p1_0.updated_at,
        p1_0.warranty_months,
        p1_0.weight 
    from
        products p1_0 
    where
        p1_0.product_id=?
Hibernate: 
    select
        pi1_0.image_id,
        pi1_0.image_url,
        pi1_0.is_primary,
        pi1_0.product_id,
        pi1_0.sort_order 
    from
        product_images pi1_0 
    left join
        products p1_0 
            on p1_0.product_id=pi1_0.product_id 
    where
        p1_0.product_id=? 
    order by
        pi1_0.sort_order
Hibernate: 
    select
        c1_0.category_id,
        c1_0.category_name,
        c1_0.image_url,
        c1_0.is_active,
        c1_0.parent_category_id,
        c1_0.slug,
        c1_0.sort_order 
    from
        categories c1_0 
    order by
        c1_0.sort_order
Hibernate: 
    select
        p1_0.product_id,
        p1_0.brand_id,
        p1_0.category_id,
        p1_0.created_at,
        p1_0.description,
        p1_0.is_featured,
        p1_0.price,
        p1_0.product_name,
        p1_0.requires_installation,
        p1_0.sale_price,
        p1_0.short_desc,
        p1_0.sku,
        p1_0.slug,
        p1_0.sold_qty,
        p1_0.specifications,
        p1_0.status,
        p1_0.stock_qty,
        p1_0.updated_at,
        p1_0.warranty_months,
        p1_0.weight 
    from
        products p1_0 
    where
        p1_0.product_id=?
Hibernate: 
    select
        p1_0.product_id,
        p1_0.brand_id,
        p1_0.category_id,
        p1_0.created_at,
        p1_0.description,
        p1_0.is_featured,
        p1_0.price,
        p1_0.product_name,
        p1_0.requires_installation,
        p1_0.sale_price,
        p1_0.short_desc,
        p1_0.sku,
        p1_0.slug,
        p1_0.sold_qty,
        p1_0.specifications,
        p1_0.status,
        p1_0.stock_qty,
        p1_0.updated_at,
        p1_0.warranty_months,
        p1_0.weight 
    from
        products p1_0 
    where
        p1_0.product_id=?
Hibernate: 
    select
        pi1_0.image_id,
        pi1_0.image_url,
        pi1_0.is_primary,
        pi1_0.product_id,
        pi1_0.sort_order 
    from
        product_images pi1_0 
    left join
        products p1_0 
            on p1_0.product_id=pi1_0.product_id 
    where
        p1_0.product_id=? 
    order by
        pi1_0.sort_order
Hibernate: 
    select
        i1_0.product_id,
        i1_0.image_id,
        i1_0.image_url,
        i1_0.is_primary,
        i1_0.sort_order 
    from
        product_images i1_0 
    where
        i1_0.product_id=?
Hibernate: 
    select
        i1_0.product_id,
        i1_0.image_id,
        i1_0.image_url,
        i1_0.is_primary,
        i1_0.sort_order 
    from
        product_images i1_0 
    where
        i1_0.product_id=?
Hibernate: 
    select
        pi1_0.image_id,
        pi1_0.image_url,
        pi1_0.is_primary,
        pi1_0.product_id,
        pi1_0.sort_order 
    from
        product_images pi1_0 
    left join
        products p1_0 
            on p1_0.product_id=pi1_0.product_id 
    where
        p1_0.product_id=? 
    order by
        pi1_0.sort_order
Hibernate: 
    select
        i1_0.product_id,
        i1_0.image_id,
        i1_0.image_url,
        i1_0.is_primary,
        i1_0.sort_order 
    from
        product_images i1_0 
    where
        i1_0.product_id=?
Hibernate: 
    select
        c1_0.category_id,
        c1_0.category_name,
        c1_0.image_url,
        c1_0.is_active,
        c1_0.parent_category_id,
        c1_0.slug,
        c1_0.sort_order 
    from
        categories c1_0 
    where
        c1_0.category_id=?
Hibernate: 
    select
        i1_0.product_id,
        i1_0.image_id,
        i1_0.image_url,
        i1_0.is_primary,
        i1_0.sort_order 
    from
        product_images i1_0 
    where
        i1_0.product_id=?
Hibernate: 
    select
        b1_0.brand_id,
        b1_0.brand_name,
        b1_0.description,
        b1_0.is_active,
        b1_0.logo_url,
        b1_0.slug 
    from
        brands b1_0 
    where
        b1_0.brand_id=?
Hibernate: 
    select
        u1_0.user_id,
        u1_0.created_at,
        u1_0.email,
        u1_0.is_active,
        u1_0.full_name,
        u1_0.password,
        u1_0.phone,
        u1_0.role,
        u1_0.updated_at 
    from
        users u1_0 
    where
        u1_0.email=?
Hibernate: 
    select
        u1_0.user_id,
        u1_0.created_at,
        u1_0.email,
        u1_0.is_active,
        u1_0.full_name,
        u1_0.password,
        u1_0.phone,
        u1_0.role,
        u1_0.updated_at 
    from
        users u1_0 
    where
        u1_0.email=?
Hibernate: 
    select
        pi1_0.image_id,
        pi1_0.image_url,
        pi1_0.is_primary,
        pi1_0.product_id,
        pi1_0.sort_order 
    from
        product_images pi1_0 
    left join
        products p1_0 
            on p1_0.product_id=pi1_0.product_id 
    where
        p1_0.product_id=? 
    order by
        pi1_0.sort_order
Hibernate: 
    select
        u1_0.user_id,
        u1_0.created_at,
        u1_0.email,
        u1_0.is_active,
        u1_0.full_name,
        u1_0.password,
        u1_0.phone,
        u1_0.role,
        u1_0.updated_at 
    from
        users u1_0 
    where
        u1_0.email=?
Hibernate: 
    select
        b1_0.brand_id,
        b1_0.brand_name,
        b1_0.description,
        b1_0.is_active,
        b1_0.logo_url,
        b1_0.slug 
    from
        brands b1_0 
    limit
        ?, ?
Hibernate: 
    select
        pi1_0.image_id,
        pi1_0.image_url,
        pi1_0.is_primary,
        pi1_0.product_id,
        pi1_0.sort_order 
    from
        product_images pi1_0 
    left join
        products p1_0 
            on p1_0.product_id=pi1_0.product_id 
    where
        p1_0.product_id=? 
    order by
        pi1_0.sort_order
Hibernate: 
    select
        ci1_0.cart_item_id,
        ci1_0.added_at,
        p1_0.product_id,
        b1_0.brand_id,
        b1_0.brand_name,
        b1_0.description,
        b1_0.is_active,
        b1_0.logo_url,
        b1_0.slug,
        c1_0.category_id,
        c1_0.category_name,
        c1_0.image_url,
        c1_0.is_active,
        c1_0.parent_category_id,
        c1_0.slug,
        c1_0.sort_order,
        p1_0.created_at,
        p1_0.description,
        p1_0.is_featured,
        p1_0.price,
        p1_0.product_name,
        p1_0.requires_installation,
        p1_0.sale_price,
        p1_0.short_desc,
        p1_0.sku,
        p1_0.slug,
        p1_0.sold_qty,
        p1_0.specifications,
        p1_0.status,
        p1_0.stock_qty,
        p1_0.updated_at,
        p1_0.warranty_months,
        p1_0.weight,
        ci1_0.quantity,
        ci1_0.user_id 
    from
        cart_items ci1_0 
    join
        products p1_0 
            on p1_0.product_id=ci1_0.product_id 
    left join
        categories c1_0 
            on c1_0.category_id=p1_0.category_id 
    left join
        brands b1_0 
            on b1_0.brand_id=p1_0.brand_id 
    where
        ci1_0.user_id=?
Hibernate: 
    select
        pi1_0.image_id,
        pi1_0.image_url,
        pi1_0.is_primary,
        pi1_0.product_id,
        pi1_0.sort_order 
    from
        product_images pi1_0 
    left join
        products p1_0 
            on p1_0.product_id=pi1_0.product_id 
    where
        p1_0.product_id=? 
    order by
        pi1_0.sort_order
Hibernate: 
    select
        b1_0.brand_id,
        b1_0.brand_name,
        b1_0.description,
        b1_0.is_active,
        b1_0.logo_url,
        b1_0.slug 
    from
        brands b1_0 
    where
        b1_0.brand_id=?
Hibernate: 
    select
        pi1_0.image_id,
        pi1_0.image_url,
        pi1_0.is_primary,
        pi1_0.product_id,
        pi1_0.sort_order 
    from
        product_images pi1_0 
    left join
        products p1_0 
            on p1_0.product_id=pi1_0.product_id 
    where
        p1_0.product_id=? 
    order by
        pi1_0.sort_order
Hibernate: 
    select
        u1_0.user_id,
        u1_0.created_at,
        u1_0.email,
        u1_0.is_active,
        u1_0.full_name,
        u1_0.password,
        u1_0.phone,
        u1_0.role,
        u1_0.updated_at 
    from
        users u1_0 
    where
        u1_0.email=?
Hibernate: 
    select
        pi1_0.image_id,
        pi1_0.image_url,
        pi1_0.is_primary,
        pi1_0.product_id,
        pi1_0.sort_order 
    from
        product_images pi1_0 
    left join
        products p1_0 
            on p1_0.product_id=pi1_0.product_id 
    where
        p1_0.product_id=? 
    order by
        pi1_0.sort_order
Hibernate: 
    select
        u1_0.user_id,
        u1_0.created_at,
        u1_0.email,
        u1_0.is_active,
        u1_0.full_name,
        u1_0.password,
        u1_0.phone,
        u1_0.role,
        u1_0.updated_at 
    from
        users u1_0 
    where
        u1_0.email=?
Hibernate: 
    select
        pi1_0.image_id,
        pi1_0.image_url,
        pi1_0.is_primary,
        pi1_0.product_id,
        pi1_0.sort_order 
    from
        product_images pi1_0 
    left join
        products p1_0 
            on p1_0.product_id=pi1_0.product_id 
    where
        p1_0.product_id=? 
    order by
        pi1_0.sort_order
Hibernate: 
    select
        w1_0.wishlist_id,
        w1_0.added_at,
        w1_0.product_id,
        w1_0.user_id 
    from
        wishlists w1_0 
    left join
        users u1_0 
            on u1_0.user_id=w1_0.user_id 
    where
        u1_0.user_id=?
Hibernate: 
    select
        p1_0.product_id,
        p1_0.brand_id,
        p1_0.category_id,
        p1_0.created_at,
        p1_0.description,
        p1_0.is_featured,
        p1_0.price,
        p1_0.product_name,
        p1_0.requires_installation,
        p1_0.sale_price,
        p1_0.short_desc,
        p1_0.sku,
        p1_0.slug,
        p1_0.sold_qty,
        p1_0.specifications,
        p1_0.status,
        p1_0.stock_qty,
        p1_0.updated_at,
        p1_0.warranty_months,
        p1_0.weight 
    from
        products p1_0 
    where
        p1_0.product_id=?
Hibernate: 
    select
        pi1_0.image_id,
        pi1_0.image_url,
        pi1_0.is_primary,
        pi1_0.product_id,
        pi1_0.sort_order 
    from
        product_images pi1_0 
    left join
        products p1_0 
            on p1_0.product_id=pi1_0.product_id 
    where
        p1_0.product_id=? 
    order by
        pi1_0.sort_order
Hibernate: 
    select
        p1_0.product_id,
        p1_0.brand_id,
        p1_0.category_id,
        p1_0.created_at,
        p1_0.description,
        p1_0.is_featured,
        p1_0.price,
        p1_0.product_name,
        p1_0.requires_installation,
        p1_0.sale_price,
        p1_0.short_desc,
        p1_0.sku,
        p1_0.slug,
        p1_0.sold_qty,
        p1_0.specifications,
        p1_0.status,
        p1_0.stock_qty,
        p1_0.updated_at,
        p1_0.warranty_months,
        p1_0.weight 
    from
        products p1_0 
    where
        p1_0.product_id=?
Hibernate: 
    select
        pi1_0.image_id,
        pi1_0.image_url,
        pi1_0.is_primary,
        pi1_0.product_id,
        pi1_0.sort_order 
    from
        product_images pi1_0 
    left join
        products p1_0 
            on p1_0.product_id=pi1_0.product_id 
    where
        p1_0.product_id=? 
    order by
        pi1_0.sort_order
Hibernate: 
    select
        p1_0.product_id,
        p1_0.brand_id,
        p1_0.category_id,
        p1_0.created_at,
        p1_0.description,
        p1_0.is_featured,
        p1_0.price,
        p1_0.product_name,
        p1_0.requires_installation,
        p1_0.sale_price,
        p1_0.short_desc,
        p1_0.sku,
        p1_0.slug,
        p1_0.sold_qty,
        p1_0.specifications,
        p1_0.status,
        p1_0.stock_qty,
        p1_0.updated_at,
        p1_0.warranty_months,
        p1_0.weight 
    from
        products p1_0 
    where
        p1_0.product_id=?
Hibernate: 
    select
        p1_0.product_id,
        p1_0.brand_id,
        p1_0.category_id,
        p1_0.created_at,
        p1_0.description,
        p1_0.is_featured,
        p1_0.price,
        p1_0.product_name,
        p1_0.requires_installation,
        p1_0.sale_price,
        p1_0.short_desc,
        p1_0.sku,
        p1_0.slug,
        p1_0.sold_qty,
        p1_0.specifications,
        p1_0.status,
        p1_0.stock_qty,
        p1_0.updated_at,
        p1_0.warranty_months,
        p1_0.weight 
    from
        products p1_0 
    where
        p1_0.product_id=?
Hibernate: 
    select
        pi1_0.image_id,
        pi1_0.image_url,
        pi1_0.is_primary,
        pi1_0.product_id,
        pi1_0.sort_order 
    from
        product_images pi1_0 
    left join
        products p1_0 
            on p1_0.product_id=pi1_0.product_id 
    where
        p1_0.product_id=? 
    order by
        pi1_0.sort_order
Hibernate: 
    select
        i1_0.product_id,
        i1_0.image_id,
        i1_0.image_url,
        i1_0.is_primary,
        i1_0.sort_order 
    from
        product_images i1_0 
    where
        i1_0.product_id=?
Hibernate: 
    select
        i1_0.product_id,
        i1_0.image_id,
        i1_0.image_url,
        i1_0.is_primary,
        i1_0.sort_order 
    from
        product_images i1_0 
    where
        i1_0.product_id=?
Hibernate: 
    select
        i1_0.product_id,
        i1_0.image_id,
        i1_0.image_url,
        i1_0.is_primary,
        i1_0.sort_order 
    from
        product_images i1_0 
    where
        i1_0.product_id=?
Hibernate: 
    select
        i1_0.product_id,
        i1_0.image_id,
        i1_0.image_url,
        i1_0.is_primary,
        i1_0.sort_order 
    from
        product_images i1_0 
    where
        i1_0.product_id=?
Hibernate: 
    select
        u1_0.user_id,
        u1_0.created_at,
        u1_0.email,
        u1_0.is_active,
        u1_0.full_name,
        u1_0.password,
        u1_0.phone,
        u1_0.role,
        u1_0.updated_at 
    from
        users u1_0 
    where
        u1_0.email=?
Hibernate: 
    select
        p1_0.product_id,
        p1_0.brand_id,
        p1_0.category_id,
        p1_0.created_at,
        p1_0.description,
        p1_0.is_featured,
        p1_0.price,
        p1_0.product_name,
        p1_0.requires_installation,
        p1_0.sale_price,
        p1_0.short_desc,
        p1_0.sku,
        p1_0.slug,
        p1_0.sold_qty,
        p1_0.specifications,
        p1_0.status,
        p1_0.stock_qty,
        p1_0.updated_at,
        p1_0.warranty_months,
        p1_0.weight 
    from
        products p1_0 
    where
        p1_0.status=? 
    limit
        ?
Hibernate: 
    select
        u1_0.user_id,
        u1_0.created_at,
        u1_0.email,
        u1_0.is_active,
        u1_0.full_name,
        u1_0.password,
        u1_0.phone,
        u1_0.role,
        u1_0.updated_at 
    from
        users u1_0 
    where
        u1_0.email=?
Hibernate: 
    select
        pi1_0.image_id,
        pi1_0.image_url,
        pi1_0.is_primary,
        pi1_0.product_id,
        pi1_0.sort_order 
    from
        product_images pi1_0 
    left join
        products p1_0 
            on p1_0.product_id=pi1_0.product_id 
    where
        p1_0.product_id=? 
    order by
        pi1_0.sort_order
Hibernate: 
    select
        pi1_0.image_id,
        pi1_0.image_url,
        pi1_0.is_primary,
        pi1_0.product_id,
        pi1_0.sort_order 
    from
        product_images pi1_0 
    left join
        products p1_0 
            on p1_0.product_id=pi1_0.product_id 
    where
        p1_0.product_id=? 
    order by
        pi1_0.sort_order
Hibernate: 
    select
        b1_0.brand_id,
        b1_0.brand_name,
        b1_0.description,
        b1_0.is_active,
        b1_0.logo_url,
        b1_0.slug 
    from
        brands b1_0 
    limit
        ?, ?
Hibernate: 
    select
        pi1_0.image_id,
        pi1_0.image_url,
        pi1_0.is_primary,
        pi1_0.product_id,
        pi1_0.sort_order 
    from
        product_images pi1_0 
    left join
        products p1_0 
            on p1_0.product_id=pi1_0.product_id 
    where
        p1_0.product_id=? 
    order by
        pi1_0.sort_order
Hibernate: 
    select
        u1_0.user_id,
        u1_0.created_at,
        u1_0.email,
        u1_0.is_active,
        u1_0.full_name,
        u1_0.password,
        u1_0.phone,
        u1_0.role,
        u1_0.updated_at 
    from
        users u1_0 
    where
        u1_0.email=?
Hibernate: 
    select
        c1_0.category_id,
        c1_0.category_name,
        c1_0.image_url,
        c1_0.is_active,
        c1_0.parent_category_id,
        c1_0.slug,
        c1_0.sort_order 
    from
        categories c1_0 
    where
        c1_0.category_id=?
Hibernate: 
    select
        b1_0.brand_id,
        b1_0.brand_name,
        b1_0.description,
        b1_0.is_active,
        b1_0.logo_url,
        b1_0.slug 
    from
        brands b1_0 
    where
        b1_0.brand_id=?
Hibernate: 
    select
        u1_0.user_id,
        u1_0.created_at,
        u1_0.email,
        u1_0.is_active,
        u1_0.full_name,
        u1_0.password,
        u1_0.phone,
        u1_0.role,
        u1_0.updated_at 
    from
        users u1_0 
    where
        u1_0.email=?
Hibernate: 
    select
        b1_0.banner_id,
        b1_0.banner_title,
        b1_0.end_date,
        b1_0.image_url,
        b1_0.is_active,
        b1_0.link_url,
        b1_0.position,
        b1_0.sort_order,
        b1_0.start_date 
    from
        banners b1_0 
    where
        b1_0.is_active 
    order by
        b1_0.sort_order
Hibernate: 
    select
        pi1_0.image_id,
        pi1_0.image_url,
        pi1_0.is_primary,
        pi1_0.product_id,
        pi1_0.sort_order 
    from
        product_images pi1_0 
    left join
        products p1_0 
            on p1_0.product_id=pi1_0.product_id 
    where
        p1_0.product_id=? 
    order by
        pi1_0.sort_order
Hibernate: 
    select
        pi1_0.image_id,
        pi1_0.image_url,
        pi1_0.is_primary,
        pi1_0.product_id,
        pi1_0.sort_order 
    from
        product_images pi1_0 
    left join
        products p1_0 
            on p1_0.product_id=pi1_0.product_id 
    where
        p1_0.product_id=? 
    order by
        pi1_0.sort_order
Hibernate: 
    select
        p1_0.product_id,
        p1_0.brand_id,
        p1_0.category_id,
        p1_0.created_at,
        p1_0.description,
        p1_0.is_featured,
        p1_0.price,
        p1_0.product_name,
        p1_0.requires_installation,
        p1_0.sale_price,
        p1_0.short_desc,
        p1_0.sku,
        p1_0.slug,
        p1_0.sold_qty,
        p1_0.specifications,
        p1_0.status,
        p1_0.stock_qty,
        p1_0.updated_at,
        p1_0.warranty_months,
        p1_0.weight 
    from
        products p1_0 
    where
        p1_0.status=? 
    limit
        ?
Hibernate: 
    select
        pi1_0.image_id,
        pi1_0.image_url,
        pi1_0.is_primary,
        pi1_0.product_id,
        pi1_0.sort_order 
    from
        product_images pi1_0 
    left join
        products p1_0 
            on p1_0.product_id=pi1_0.product_id 
    where
        p1_0.product_id=? 
    order by
        pi1_0.sort_order
Hibernate: 
    select
        pi1_0.image_id,
        pi1_0.image_url,
        pi1_0.is_primary,
        pi1_0.product_id,
        pi1_0.sort_order 
    from
        product_images pi1_0 
    left join
        products p1_0 
            on p1_0.product_id=pi1_0.product_id 
    where
        p1_0.product_id=? 
    order by
        pi1_0.sort_order
Hibernate: 
    select
        b1_0.brand_id,
        b1_0.brand_name,
        b1_0.description,
        b1_0.is_active,
        b1_0.logo_url,
        b1_0.slug 
    from
        brands b1_0 
    where
        b1_0.brand_id=?
Hibernate: 
    select
        pi1_0.image_id,
        pi1_0.image_url,
        pi1_0.is_primary,
        pi1_0.product_id,
        pi1_0.sort_order 
    from
        product_images pi1_0 
    left join
        products p1_0 
            on p1_0.product_id=pi1_0.product_id 
    where
        p1_0.product_id=? 
    order by
        pi1_0.sort_order
Hibernate: 
    select
        pi1_0.image_id,
        pi1_0.image_url,
        pi1_0.is_primary,
        pi1_0.product_id,
        pi1_0.sort_order 
    from
        product_images pi1_0 
    left join
        products p1_0 
            on p1_0.product_id=pi1_0.product_id 
    where
        p1_0.product_id=? 
    order by
        pi1_0.sort_order
Hibernate: 
    select
        pi1_0.image_id,
        pi1_0.image_url,
        pi1_0.is_primary,
        pi1_0.product_id,
        pi1_0.sort_order 
    from
        product_images pi1_0 
    left join
        products p1_0 
            on p1_0.product_id=pi1_0.product_id 
    where
        p1_0.product_id=? 
    order by
        pi1_0.sort_order
Hibernate: 
    select
        pi1_0.image_id,
        pi1_0.image_url,
        pi1_0.is_primary,
        pi1_0.product_id,
        pi1_0.sort_order 
    from
        product_images pi1_0 
    left join
        products p1_0 
            on p1_0.product_id=pi1_0.product_id 
    where
        p1_0.product_id=? 
    order by
        pi1_0.sort_order
Hibernate: 
    select
        c1_0.category_id,
        c1_0.category_name,
        c1_0.image_url,
        c1_0.is_active,
        c1_0.parent_category_id,
        c1_0.slug,
        c1_0.sort_order 
    from
        categories c1_0 
    where
        c1_0.category_id=?
Hibernate: 
    select
        pi1_0.image_id,
        pi1_0.image_url,
        pi1_0.is_primary,
        pi1_0.product_id,
        pi1_0.sort_order 
    from
        product_images pi1_0 
    left join
        products p1_0 
            on p1_0.product_id=pi1_0.product_id 
    where
        p1_0.product_id=? 
    order by
        pi1_0.sort_order
Hibernate: 
    select
        b1_0.brand_id,
        b1_0.brand_name,
        b1_0.description,
        b1_0.is_active,
        b1_0.logo_url,
        b1_0.slug 
    from
        brands b1_0 
    where
        b1_0.brand_id=?
Hibernate: 
    select
        u1_0.user_id,
        u1_0.created_at,
        u1_0.email,
        u1_0.is_active,
        u1_0.full_name,
        u1_0.password,
        u1_0.phone,
        u1_0.role,
        u1_0.updated_at 
    from
        users u1_0 
    where
        u1_0.email=?
Hibernate: 
    select
        pi1_0.image_id,
        pi1_0.image_url,
        pi1_0.is_primary,
        pi1_0.product_id,
        pi1_0.sort_order 
    from
        product_images pi1_0 
    left join
        products p1_0 
            on p1_0.product_id=pi1_0.product_id 
    where
        p1_0.product_id=? 
    order by
        pi1_0.sort_order
Hibernate: 
    select
        pi1_0.image_id,
        pi1_0.image_url,
        pi1_0.is_primary,
        pi1_0.product_id,
        pi1_0.sort_order 
    from
        product_images pi1_0 
    left join
        products p1_0 
            on p1_0.product_id=pi1_0.product_id 
    where
        p1_0.product_id=? 
    order by
        pi1_0.sort_order
Hibernate: 
    select
        b1_0.banner_id,
        b1_0.banner_title,
        b1_0.end_date,
        b1_0.image_url,
        b1_0.is_active,
        b1_0.link_url,
        b1_0.position,
        b1_0.sort_order,
        b1_0.start_date 
    from
        banners b1_0 
    where
        b1_0.is_active 
    order by
        b1_0.sort_order
Hibernate: 
    select
        pi1_0.image_id,
        pi1_0.image_url,
        pi1_0.is_primary,
        pi1_0.product_id,
        pi1_0.sort_order 
    from
        product_images pi1_0 
    left join
        products p1_0 
            on p1_0.product_id=pi1_0.product_id 
    where
        p1_0.product_id=? 
    order by
        pi1_0.sort_order
Hibernate: 
    select
        pi1_0.image_id,
        pi1_0.image_url,
        pi1_0.is_primary,
        pi1_0.product_id,
        pi1_0.sort_order 
    from
        product_images pi1_0 
    left join
        products p1_0 
            on p1_0.product_id=pi1_0.product_id 
    where
        p1_0.product_id=? 
    order by
        pi1_0.sort_order
Hibernate: 
    select
        u1_0.user_id,
        u1_0.created_at,
        u1_0.email,
        u1_0.is_active,
        u1_0.full_name,
        u1_0.password,
        u1_0.phone,
        u1_0.role,
        u1_0.updated_at 
    from
        users u1_0 
    where
        u1_0.email=?
Hibernate: 
    select
        pi1_0.image_id,
        pi1_0.image_url,
        pi1_0.is_primary,
        pi1_0.product_id,
        pi1_0.sort_order 
    from
        product_images pi1_0 
    left join
        products p1_0 
            on p1_0.product_id=pi1_0.product_id 
    where
        p1_0.product_id=? 
    order by
        pi1_0.sort_order
Hibernate: 
    select
        pi1_0.image_id,
        pi1_0.image_url,
        pi1_0.is_primary,
        pi1_0.product_id,
        pi1_0.sort_order 
    from
        product_images pi1_0 
    left join
        products p1_0 
            on p1_0.product_id=pi1_0.product_id 
    where
        p1_0.product_id=? 
    order by
        pi1_0.sort_order
Hibernate: 
    select
        b1_0.brand_id,
        b1_0.brand_name,
        b1_0.description,
        b1_0.is_active,
        b1_0.logo_url,
        b1_0.slug 
    from
        brands b1_0 
    where
        b1_0.brand_id=?
Hibernate: 
    select
        b1_0.brand_id,
        b1_0.brand_name,
        b1_0.description,
        b1_0.is_active,
        b1_0.logo_url,
        b1_0.slug 
    from
        brands b1_0 
    limit
        ?, ?
Hibernate: 
    select
        u1_0.user_id,
        u1_0.created_at,
        u1_0.email,
        u1_0.is_active,
        u1_0.full_name,
        u1_0.password,
        u1_0.phone,
        u1_0.role,
        u1_0.updated_at 
    from
        users u1_0 
    where
        u1_0.email=?
Hibernate: 
    select
        pi1_0.image_id,
        pi1_0.image_url,
        pi1_0.is_primary,
        pi1_0.product_id,
        pi1_0.sort_order 
    from
        product_images pi1_0 
    left join
        products p1_0 
            on p1_0.product_id=pi1_0.product_id 
    where
        p1_0.product_id=? 
    order by
        pi1_0.sort_order
Hibernate: 
    select
        pi1_0.image_id,
        pi1_0.image_url,
        pi1_0.is_primary,
        pi1_0.product_id,
        pi1_0.sort_order 
    from
        product_images pi1_0 
    left join
        products p1_0 
            on p1_0.product_id=pi1_0.product_id 
    where
        p1_0.product_id=? 
    order by
        pi1_0.sort_order
Hibernate: 
    select
        u1_0.user_id,
        u1_0.created_at,
        u1_0.email,
        u1_0.is_active,
        u1_0.full_name,
        u1_0.password,
        u1_0.phone,
        u1_0.role,
        u1_0.updated_at 
    from
        users u1_0 
    where
        u1_0.email=?
Hibernate: 
    select
        u1_0.user_id,
        u1_0.created_at,
        u1_0.email,
        u1_0.is_active,
        u1_0.full_name,
        u1_0.password,
        u1_0.phone,
        u1_0.role,
        u1_0.updated_at 
    from
        users u1_0 
    where
        u1_0.email=?
Hibernate: 
    select
        pi1_0.image_id,
        pi1_0.image_url,
        pi1_0.is_primary,
        pi1_0.product_id,
        pi1_0.sort_order 
    from
        product_images pi1_0 
    left join
        products p1_0 
            on p1_0.product_id=pi1_0.product_id 
    where
        p1_0.product_id=? 
    order by
        pi1_0.sort_order
Hibernate: 
    select
        u1_0.user_id,
        u1_0.created_at,
        u1_0.email,
        u1_0.is_active,
        u1_0.full_name,
        u1_0.password,
        u1_0.phone,
        u1_0.role,
        u1_0.updated_at 
    from
        users u1_0 
    where
        u1_0.email=?
Hibernate: 
    select
        pi1_0.image_id,
        pi1_0.image_url,
        pi1_0.is_primary,
        pi1_0.product_id,
        pi1_0.sort_order 
    from
        product_images pi1_0 
    left join
        products p1_0 
            on p1_0.product_id=pi1_0.product_id 
    where
        p1_0.product_id=? 
    order by
        pi1_0.sort_order
Hibernate: 
    select
        w1_0.wishlist_id,
        w1_0.added_at,
        w1_0.product_id,
        w1_0.user_id 
    from
        wishlists w1_0 
    left join
        users u1_0 
            on u1_0.user_id=w1_0.user_id 
    where
        u1_0.user_id=?
Hibernate: 
    select
        p1_0.product_id,
        p1_0.brand_id,
        p1_0.category_id,
        p1_0.created_at,
        p1_0.description,
        p1_0.is_featured,
        p1_0.price,
        p1_0.product_name,
        p1_0.requires_installation,
        p1_0.sale_price,
        p1_0.short_desc,
        p1_0.sku,
        p1_0.slug,
        p1_0.sold_qty,
        p1_0.specifications,
        p1_0.status,
        p1_0.stock_qty,
        p1_0.updated_at,
        p1_0.warranty_months,
        p1_0.weight 
    from
        products p1_0 
    where
        p1_0.product_id=?
Hibernate: 
    select
        ci1_0.cart_item_id,
        ci1_0.added_at,
        p1_0.product_id,
        b1_0.brand_id,
        b1_0.brand_name,
        b1_0.description,
        b1_0.is_active,
        b1_0.logo_url,
        b1_0.slug,
        c1_0.category_id,
        c1_0.category_name,
        c1_0.image_url,
        c1_0.is_active,
        c1_0.parent_category_id,
        c1_0.slug,
        c1_0.sort_order,
        p1_0.created_at,
        p1_0.description,
        p1_0.is_featured,
        p1_0.price,
        p1_0.product_name,
        p1_0.requires_installation,
        p1_0.sale_price,
        p1_0.short_desc,
        p1_0.sku,
        p1_0.slug,
        p1_0.sold_qty,
        p1_0.specifications,
        p1_0.status,
        p1_0.stock_qty,
        p1_0.updated_at,
        p1_0.warranty_months,
        p1_0.weight,
        ci1_0.quantity,
        ci1_0.user_id 
    from
        cart_items ci1_0 
    join
        products p1_0 
            on p1_0.product_id=ci1_0.product_id 
    left join
        categories c1_0 
            on c1_0.category_id=p1_0.category_id 
    left join
        brands b1_0 
            on b1_0.brand_id=p1_0.brand_id 
    where
        ci1_0.user_id=?
Hibernate: 
    select
        pi1_0.image_id,
        pi1_0.image_url,
        pi1_0.is_primary,
        pi1_0.product_id,
        pi1_0.sort_order 
    from
        product_images pi1_0 
    left join
        products p1_0 
            on p1_0.product_id=pi1_0.product_id 
    where
        p1_0.product_id=? 
    order by
        pi1_0.sort_order
Hibernate: 
    select
        p1_0.product_id,
        p1_0.brand_id,
        p1_0.category_id,
        p1_0.created_at,
        p1_0.description,
        p1_0.is_featured,
        p1_0.price,
        p1_0.product_name,
        p1_0.requires_installation,
        p1_0.sale_price,
        p1_0.short_desc,
        p1_0.sku,
        p1_0.slug,
        p1_0.sold_qty,
        p1_0.specifications,
        p1_0.status,
        p1_0.stock_qty,
        p1_0.updated_at,
        p1_0.warranty_months,
        p1_0.weight 
    from
        products p1_0 
    where
        p1_0.product_id=?
Hibernate: 
    select
        p1_0.product_id,
        p1_0.brand_id,
        p1_0.category_id,
        p1_0.created_at,
        p1_0.description,
        p1_0.is_featured,
        p1_0.price,
        p1_0.product_name,
        p1_0.requires_installation,
        p1_0.sale_price,
        p1_0.short_desc,
        p1_0.sku,
        p1_0.slug,
        p1_0.sold_qty,
        p1_0.specifications,
        p1_0.status,
        p1_0.stock_qty,
        p1_0.updated_at,
        p1_0.warranty_months,
        p1_0.weight 
    from
        products p1_0 
    where
        p1_0.product_id=?
Hibernate: 
    select
        pi1_0.image_id,
        pi1_0.image_url,
        pi1_0.is_primary,
        pi1_0.product_id,
        pi1_0.sort_order 
    from
        product_images pi1_0 
    left join
        products p1_0 
            on p1_0.product_id=pi1_0.product_id 
    where
        p1_0.product_id=? 
    order by
        pi1_0.sort_order
Hibernate: 
    select
        p1_0.product_id,
        p1_0.brand_id,
        p1_0.category_id,
        p1_0.created_at,
        p1_0.description,
        p1_0.is_featured,
        p1_0.price,
        p1_0.product_name,
        p1_0.requires_installation,
        p1_0.sale_price,
        p1_0.short_desc,
        p1_0.sku,
        p1_0.slug,
        p1_0.sold_qty,
        p1_0.specifications,
        p1_0.status,
        p1_0.stock_qty,
        p1_0.updated_at,
        p1_0.warranty_months,
        p1_0.weight 
    from
        products p1_0 
    where
        p1_0.product_id=?
Hibernate: 
    select
        u1_0.user_id,
        u1_0.created_at,
        u1_0.email,
        u1_0.is_active,
        u1_0.full_name,
        u1_0.password,
        u1_0.phone,
        u1_0.role,
        u1_0.updated_at 
    from
        users u1_0 
    where
        u1_0.email=?
Hibernate: 
    select
        i1_0.product_id,
        i1_0.image_id,
        i1_0.image_url,
        i1_0.is_primary,
        i1_0.sort_order 
    from
        product_images i1_0 
    where
        i1_0.product_id=?
Hibernate: 
    select
        i1_0.product_id,
        i1_0.image_id,
        i1_0.image_url,
        i1_0.is_primary,
        i1_0.sort_order 
    from
        product_images i1_0 
    where
        i1_0.product_id=?
Hibernate: 
    select
        b1_0.brand_id,
        b1_0.brand_name,
        b1_0.description,
        b1_0.is_active,
        b1_0.logo_url,
        b1_0.slug 
    from
        brands b1_0 
    limit
        ?, ?
Hibernate: 
    select
        i1_0.product_id,
        i1_0.image_id,
        i1_0.image_url,
        i1_0.is_primary,
        i1_0.sort_order 
    from
        product_images i1_0 
    where
        i1_0.product_id=?
Hibernate: 
    select
        u1_0.user_id,
        u1_0.created_at,
        u1_0.email,
        u1_0.is_active,
        u1_0.full_name,
        u1_0.password,
        u1_0.phone,
        u1_0.role,
        u1_0.updated_at 
    from
        users u1_0 
    where
        u1_0.email=?
Hibernate: 
    select
        i1_0.product_id,
        i1_0.image_id,
        i1_0.image_url,
        i1_0.is_primary,
        i1_0.sort_order 
    from
        product_images i1_0 
    where
        i1_0.product_id=?
Hibernate: 
    select
        u1_0.user_id,
        u1_0.created_at,
        u1_0.email,
        u1_0.is_active,
        u1_0.full_name,
        u1_0.password,
        u1_0.phone,
        u1_0.role,
        u1_0.updated_at 
    from
        users u1_0 
    where
        u1_0.email=?
Hibernate: 
    select
        c1_0.category_id,
        c1_0.category_name,
        c1_0.image_url,
        c1_0.is_active,
        c1_0.parent_category_id,
        c1_0.slug,
        c1_0.sort_order 
    from
        categories c1_0 
    order by
        c1_0.sort_order
Hibernate: 
    select
        b1_0.banner_id,
        b1_0.banner_title,
        b1_0.end_date,
        b1_0.image_url,
        b1_0.is_active,
        b1_0.link_url,
        b1_0.position,
        b1_0.sort_order,
        b1_0.start_date 
    from
        banners b1_0 
    where
        b1_0.is_active 
    order by
        b1_0.sort_order
Hibernate: 
    select
        u1_0.user_id,
        u1_0.created_at,
        u1_0.email,
        u1_0.is_active,
        u1_0.full_name,
        u1_0.password,
        u1_0.phone,
        u1_0.role,
        u1_0.updated_at 
    from
        users u1_0 
    where
        u1_0.email=?
Hibernate: 
    select
        u1_0.user_id,
        u1_0.created_at,
        u1_0.email,
        u1_0.is_active,
        u1_0.full_name,
        u1_0.password,
        u1_0.phone,
        u1_0.role,
        u1_0.updated_at 
    from
        users u1_0 
    where
        u1_0.email=?
Hibernate: 
    select
        b1_0.brand_id,
        b1_0.brand_name,
        b1_0.description,
        b1_0.is_active,
        b1_0.logo_url,
        b1_0.slug 
    from
        brands b1_0 
    limit
        ?, ?
Hibernate: 
    select
        u1_0.user_id,
        u1_0.created_at,
        u1_0.email,
        u1_0.is_active,
        u1_0.full_name,
        u1_0.password,
        u1_0.phone,
        u1_0.role,
        u1_0.updated_at 
    from
        users u1_0 
    where
        u1_0.email=?
Hibernate: 
    select
        u1_0.user_id,
        u1_0.created_at,
        u1_0.email,
        u1_0.is_active,
        u1_0.full_name,
        u1_0.password,
        u1_0.phone,
        u1_0.role,
        u1_0.updated_at 
    from
        users u1_0 
    where
        u1_0.email=?
Hibernate: 
    select
        u1_0.user_id,
        u1_0.created_at,
        u1_0.email,
        u1_0.is_active,
        u1_0.full_name,
        u1_0.password,
        u1_0.phone,
        u1_0.role,
        u1_0.updated_at 
    from
        users u1_0 
    where
        u1_0.email=?
Hibernate: 
    select
        b1_0.banner_id,
        b1_0.banner_title,
        b1_0.end_date,
        b1_0.image_url,
        b1_0.is_active,
        b1_0.link_url,
        b1_0.position,
        b1_0.sort_order,
        b1_0.start_date 
    from
        banners b1_0 
    where
        b1_0.is_active 
    order by
        b1_0.sort_order
Hibernate: 
    select
        u1_0.user_id,
        u1_0.created_at,
        u1_0.email,
        u1_0.is_active,
        u1_0.full_name,
        u1_0.password,
        u1_0.phone,
        u1_0.role,
        u1_0.updated_at 
    from
        users u1_0 
    where
        u1_0.email=?
Hibernate: 
    select
        p1_0.product_id,
        p1_0.brand_id,
        p1_0.category_id,
        p1_0.created_at,
        p1_0.description,
        p1_0.is_featured,
        p1_0.price,
        p1_0.product_name,
        p1_0.requires_installation,
        p1_0.sale_price,
        p1_0.short_desc,
        p1_0.sku,
        p1_0.slug,
        p1_0.sold_qty,
        p1_0.specifications,
        p1_0.status,
        p1_0.stock_qty,
        p1_0.updated_at,
        p1_0.warranty_months,
        p1_0.weight 
    from
        products p1_0 
    where
        p1_0.status=? 
    limit
        ?
Hibernate: 
    select
        u1_0.user_id,
        u1_0.created_at,
        u1_0.email,
        u1_0.is_active,
        u1_0.full_name,
        u1_0.password,
        u1_0.phone,
        u1_0.role,
        u1_0.updated_at 
    from
        users u1_0 
    where
        u1_0.email=?
Hibernate: 
    select
        ci1_0.cart_item_id,
        ci1_0.added_at,
        p1_0.product_id,
        b1_0.brand_id,
        b1_0.brand_name,
        b1_0.description,
        b1_0.is_active,
        b1_0.logo_url,
        b1_0.slug,
        c1_0.category_id,
        c1_0.category_name,
        c1_0.image_url,
        c1_0.is_active,
        c1_0.parent_category_id,
        c1_0.slug,
        c1_0.sort_order,
        p1_0.created_at,
        p1_0.description,
        p1_0.is_featured,
        p1_0.price,
        p1_0.product_name,
        p1_0.requires_installation,
        p1_0.sale_price,
        p1_0.short_desc,
        p1_0.sku,
        p1_0.slug,
        p1_0.sold_qty,
        p1_0.specifications,
        p1_0.status,
        p1_0.stock_qty,
        p1_0.updated_at,
        p1_0.warranty_months,
        p1_0.weight,
        ci1_0.quantity,
        ci1_0.user_id 
    from
        cart_items ci1_0 
    join
        products p1_0 
            on p1_0.product_id=ci1_0.product_id 
    left join
        categories c1_0 
            on c1_0.category_id=p1_0.category_id 
    left join
        brands b1_0 
            on b1_0.brand_id=p1_0.brand_id 
    where
        ci1_0.user_id=?
Hibernate: 
    select
        pi1_0.image_id,
        pi1_0.image_url,
        pi1_0.is_primary,
        pi1_0.product_id,
        pi1_0.sort_order 
    from
        product_images pi1_0 
    left join
        products p1_0 
            on p1_0.product_id=pi1_0.product_id 
    where
        p1_0.product_id=? 
    order by
        pi1_0.sort_order
Hibernate: 
    select
        w1_0.wishlist_id,
        w1_0.added_at,
        w1_0.product_id,
        w1_0.user_id 
    from
        wishlists w1_0 
    left join
        users u1_0 
            on u1_0.user_id=w1_0.user_id 
    where
        u1_0.user_id=?
Hibernate: 
    select
        p1_0.product_id,
        p1_0.brand_id,
        p1_0.category_id,
        p1_0.created_at,
        p1_0.description,
        p1_0.is_featured,
        p1_0.price,
        p1_0.product_name,
        p1_0.requires_installation,
        p1_0.sale_price,
        p1_0.short_desc,
        p1_0.sku,
        p1_0.slug,
        p1_0.sold_qty,
        p1_0.specifications,
        p1_0.status,
        p1_0.stock_qty,
        p1_0.updated_at,
        p1_0.warranty_months,
        p1_0.weight 
    from
        products p1_0 
    where
        p1_0.product_id=?
Hibernate: 
    select
        pi1_0.image_id,
        pi1_0.image_url,
        pi1_0.is_primary,
        pi1_0.product_id,
        pi1_0.sort_order 
    from
        product_images pi1_0 
    left join
        products p1_0 
            on p1_0.product_id=pi1_0.product_id 
    where
        p1_0.product_id=? 
    order by
        pi1_0.sort_order
Hibernate: 
    select
        p1_0.product_id,
        p1_0.brand_id,
        p1_0.category_id,
        p1_0.created_at,
        p1_0.description,
        p1_0.is_featured,
        p1_0.price,
        p1_0.product_name,
        p1_0.requires_installation,
        p1_0.sale_price,
        p1_0.short_desc,
        p1_0.sku,
        p1_0.slug,
        p1_0.sold_qty,
        p1_0.specifications,
        p1_0.status,
        p1_0.stock_qty,
        p1_0.updated_at,
        p1_0.warranty_months,
        p1_0.weight 
    from
        products p1_0 
    where
        p1_0.product_id=?
Hibernate: 
    select
        p1_0.product_id,
        p1_0.brand_id,
        p1_0.category_id,
        p1_0.created_at,
        p1_0.description,
        p1_0.is_featured,
        p1_0.price,
        p1_0.product_name,
        p1_0.requires_installation,
        p1_0.sale_price,
        p1_0.short_desc,
        p1_0.sku,
        p1_0.slug,
        p1_0.sold_qty,
        p1_0.specifications,
        p1_0.status,
        p1_0.stock_qty,
        p1_0.updated_at,
        p1_0.warranty_months,
        p1_0.weight 
    from
        products p1_0 
    where
        p1_0.product_id=?
Hibernate: 
    select
        pi1_0.image_id,
        pi1_0.image_url,
        pi1_0.is_primary,
        pi1_0.product_id,
        pi1_0.sort_order 
    from
        product_images pi1_0 
    left join
        products p1_0 
            on p1_0.product_id=pi1_0.product_id 
    where
        p1_0.product_id=? 
    order by
        pi1_0.sort_order
Hibernate: 
    select
        p1_0.product_id,
        p1_0.brand_id,
        p1_0.category_id,
        p1_0.created_at,
        p1_0.description,
        p1_0.is_featured,
        p1_0.price,
        p1_0.product_name,
        p1_0.requires_installation,
        p1_0.sale_price,
        p1_0.short_desc,
        p1_0.sku,
        p1_0.slug,
        p1_0.sold_qty,
        p1_0.specifications,
        p1_0.status,
        p1_0.stock_qty,
        p1_0.updated_at,
        p1_0.warranty_months,
        p1_0.weight 
    from
        products p1_0 
    where
        p1_0.product_id=?
Hibernate: 
    select
        c1_0.category_id,
        c1_0.category_name,
        c1_0.image_url,
        c1_0.is_active,
        c1_0.parent_category_id,
        c1_0.slug,
        c1_0.sort_order 
    from
        categories c1_0 
    where
        c1_0.category_id=?
Hibernate: 
    select
        i1_0.product_id,
        i1_0.image_id,
        i1_0.image_url,
        i1_0.is_primary,
        i1_0.sort_order 
    from
        product_images i1_0 
    where
        i1_0.product_id=?
Hibernate: 
    select
        b1_0.brand_id,
        b1_0.brand_name,
        b1_0.description,
        b1_0.is_active,
        b1_0.logo_url,
        b1_0.slug 
    from
        brands b1_0 
    where
        b1_0.brand_id=?
Hibernate: 
    select
        i1_0.product_id,
        i1_0.image_id,
        i1_0.image_url,
        i1_0.is_primary,
        i1_0.sort_order 
    from
        product_images i1_0 
    where
        i1_0.product_id=?
Hibernate: 
    select
        i1_0.product_id,
        i1_0.image_id,
        i1_0.image_url,
        i1_0.is_primary,
        i1_0.sort_order 
    from
        product_images i1_0 
    where
        i1_0.product_id=?
Hibernate: 
    select
        pi1_0.image_id,
        pi1_0.image_url,
        pi1_0.is_primary,
        pi1_0.product_id,
        pi1_0.sort_order 
    from
        product_images pi1_0 
    left join
        products p1_0 
            on p1_0.product_id=pi1_0.product_id 
    where
        p1_0.product_id=? 
    order by
        pi1_0.sort_order
Hibernate: 
    select
        i1_0.product_id,
        i1_0.image_id,
        i1_0.image_url,
        i1_0.is_primary,
        i1_0.sort_order 
    from
        product_images i1_0 
    where
        i1_0.product_id=?
Hibernate: 
    select
        pi1_0.image_id,
        pi1_0.image_url,
        pi1_0.is_primary,
        pi1_0.product_id,
        pi1_0.sort_order 
    from
        product_images pi1_0 
    left join
        products p1_0 
            on p1_0.product_id=pi1_0.product_id 
    where
        p1_0.product_id=? 
    order by
        pi1_0.sort_order
Hibernate: 
    select
        pi1_0.image_id,
        pi1_0.image_url,
        pi1_0.is_primary,
        pi1_0.product_id,
        pi1_0.sort_order 
    from
        product_images pi1_0 
    left join
        products p1_0 
            on p1_0.product_id=pi1_0.product_id 
    where
        p1_0.product_id=? 
    order by
        pi1_0.sort_order
Hibernate: 
    select
        b1_0.brand_id,
        b1_0.brand_name,
        b1_0.description,
        b1_0.is_active,
        b1_0.logo_url,
        b1_0.slug 
    from
        brands b1_0 
    where
        b1_0.brand_id=?
Hibernate: 
    select
        pi1_0.image_id,
        pi1_0.image_url,
        pi1_0.is_primary,
        pi1_0.product_id,
        pi1_0.sort_order 
    from
        product_images pi1_0 
    left join
        products p1_0 
            on p1_0.product_id=pi1_0.product_id 
    where
        p1_0.product_id=? 
    order by
        pi1_0.sort_order
Hibernate: 
    select
        pi1_0.image_id,
        pi1_0.image_url,
        pi1_0.is_primary,
        pi1_0.product_id,
        pi1_0.sort_order 
    from
        product_images pi1_0 
    left join
        products p1_0 
            on p1_0.product_id=pi1_0.product_id 
    where
        p1_0.product_id=? 
    order by
        pi1_0.sort_order
Hibernate: 
    select
        pi1_0.image_id,
        pi1_0.image_url,
        pi1_0.is_primary,
        pi1_0.product_id,
        pi1_0.sort_order 
    from
        product_images pi1_0 
    left join
        products p1_0 
            on p1_0.product_id=pi1_0.product_id 
    where
        p1_0.product_id=? 
    order by
        pi1_0.sort_order
Hibernate: 
    select
        pi1_0.image_id,
        pi1_0.image_url,
        pi1_0.is_primary,
        pi1_0.product_id,
        pi1_0.sort_order 
    from
        product_images pi1_0 
    left join
        products p1_0 
            on p1_0.product_id=pi1_0.product_id 
    where
        p1_0.product_id=? 
    order by
        pi1_0.sort_order
Hibernate: 
    select
        pi1_0.image_id,
        pi1_0.image_url,
        pi1_0.is_primary,
        pi1_0.product_id,
        pi1_0.sort_order 
    from
        product_images pi1_0 
    left join
        products p1_0 
            on p1_0.product_id=pi1_0.product_id 
    where
        p1_0.product_id=? 
    order by
        pi1_0.sort_order
Hibernate: 
    select
        pi1_0.image_id,
        pi1_0.image_url,
        pi1_0.is_primary,
        pi1_0.product_id,
        pi1_0.sort_order 
    from
        product_images pi1_0 
    left join
        products p1_0 
            on p1_0.product_id=pi1_0.product_id 
    where
        p1_0.product_id=? 
    order by
        pi1_0.sort_order
Hibernate: 
    select
        u1_0.user_id,
        u1_0.created_at,
        u1_0.email,
        u1_0.is_active,
        u1_0.full_name,
        u1_0.password,
        u1_0.phone,
        u1_0.role,
        u1_0.updated_at 
    from
        users u1_0 
    where
        u1_0.email=?
Hibernate: 
    select
        b1_0.brand_id,
        b1_0.brand_name,
        b1_0.description,
        b1_0.is_active,
        b1_0.logo_url,
        b1_0.slug 
    from
        brands b1_0 
    limit
        ?, ?
Hibernate: 
    select
        u1_0.user_id,
        u1_0.created_at,
        u1_0.email,
        u1_0.is_active,
        u1_0.full_name,
        u1_0.password,
        u1_0.phone,
        u1_0.role,
        u1_0.updated_at 
    from
        users u1_0 
    where
        u1_0.email=?
Hibernate: 
    select
        b1_0.brand_id,
        b1_0.brand_name,
        b1_0.description,
        b1_0.is_active,
        b1_0.logo_url,
        b1_0.slug 
    from
        brands b1_0 
    limit
        ?, ?
Hibernate: 
    select
        u1_0.user_id,
        u1_0.created_at,
        u1_0.email,
        u1_0.is_active,
        u1_0.full_name,
        u1_0.password,
        u1_0.phone,
        u1_0.role,
        u1_0.updated_at 
    from
        users u1_0 
    where
        u1_0.email=?
Hibernate: 
    select
        c1_0.category_id,
        c1_0.category_name,
        c1_0.image_url,
        c1_0.is_active,
        c1_0.parent_category_id,
        c1_0.slug,
        c1_0.sort_order 
    from
        categories c1_0 
    order by
        c1_0.sort_order
Hibernate: 
    select
        c1_0.category_id,
        c1_0.category_name,
        c1_0.image_url,
        c1_0.is_active,
        c1_0.parent_category_id,
        c1_0.slug,
        c1_0.sort_order 
    from
        categories c1_0 
    order by
        c1_0.sort_order
[INFO] ------------------------------------------------------------------------
[INFO] BUILD FAILURE
[INFO] ------------------------------------------------------------------------
[INFO] Total time:  25:40 min
[INFO] Finished at: 2026-05-27T00:14:00+07:00
[INFO] ------------------------------------------------------------------------
[ERROR] Failed to execute goal org.springframework.boot:spring-boot-maven-plugin:3.5.14:run (default-cli) on project bepgas-backend: Process terminated with exit code: 1 -> [Help 1]
[ERROR] 
[ERROR] To see the full stack trace of the errors, re-run Maven with the -e switch.
[ERROR] Re-run Maven using the -X switch to enable full debug logging.
[ERROR] 
[ERROR] For more information about the errors and possible solutions, please read the following articles:
[ERROR] [Help 1] http://cwiki.apache.org/confluence/display/MAVEN/MojoExecutionException
